.next/types/app/dashboard/personagens/page.ts(34,29): error TS2344: Type 'PageProps' does not satisfy the constraint 'import("C:/Users/hensl/OneDrive/Documentos/Programa\u00E7\u00E3o/Nextjs/rpg-app/.next/types/app/dashboard/personagens/page").PageProps'.
  Types of property 'searchParams' are incompatible.
    Type '{ filter?: string | undefined; campaignId?: string | undefined; }' is missing the following properties from type 'Promise<any>': then, catch, finally, [Symbol.toStringTag]
__tests__/actions/battle.test.ts(190,42): error TS7006: Parameter 'c' implicitly has an 'any' type.
__tests__/actions/campaign.test.ts(56,14): error TS18049: 'result.data' is possibly 'null' or 'undefined'.
__tests__/actions/campaign.test.ts(56,26): error TS2339: Property 'name' does not exist on type 'CampaignDocument | CampaignDocument[]'.
  Property 'name' does not exist on type 'CampaignDocument[]'.
__tests__/actions/campaign.test.ts(57,14): error TS18049: 'result.data' is possibly 'null' or 'undefined'.
__tests__/actions/campaign.test.ts(57,26): error TS2339: Property 'description' does not exist on type 'CampaignDocument | CampaignDocument[]'.
  Property 'description' does not exist on type 'CampaignDocument[]'.
__tests__/actions/campaign.test.ts(133,14): error TS18049: 'result.data' is possibly 'null' or 'undefined'.
__tests__/actions/campaign.test.ts(133,26): error TS2339: Property 'name' does not exist on type 'CampaignDocument | CampaignDocument[]'.
  Property 'name' does not exist on type 'CampaignDocument[]'.
__tests__/actions/campaign.test.ts(134,14): error TS18049: 'result.data' is possibly 'null' or 'undefined'.
__tests__/actions/campaign.test.ts(134,26): error TS2339: Property 'description' does not exist on type 'CampaignDocument | CampaignDocument[]'.
  Property 'description' does not exist on type 'CampaignDocument[]'.
__tests__/actions/character.test.ts(142,14): error TS18049: 'result.data' is possibly 'null' or 'undefined'.
__tests__/actions/character.test.ts(142,26): error TS2339: Property 'name' does not exist on type 'CharacterDocument | CharacterDocument[]'.
  Property 'name' does not exist on type 'CharacterDocument[]'.
__tests__/actions/character.test.ts(143,14): error TS18049: 'result.data' is possibly 'null' or 'undefined'.
__tests__/actions/character.test.ts(143,26): error TS2339: Property 'status' does not exist on type 'CharacterDocument | CharacterDocument[]'.
  Property 'status' does not exist on type 'CharacterDocument[]'.
__tests__/setup.ts(28,31): error TS18048: 'mongoose.connection.db' is possibly 'undefined'.
app/dashboard/battles/[id]/page.tsx(305,9): error TS2322: Type 'Battle | null' is not assignable to type '{ _id: string; name: string; round: number; active: boolean; is_visible_to_players: boolean; } | null'.
  Property 'is_visible_to_players' is missing in type 'Battle' but required in type '{ _id: string; name: string; round: number; active: boolean; is_visible_to_players: boolean; }'.
app/dashboard/battles/[id]/page.tsx(780,43): error TS2339: Property 'characterUrl' does not exist on type '{ _id: string; name: string; active: boolean; status: string; alignment?: "ally" | "enemy" | undefined; owner: string; }'.
app/dashboard/battles/[id]/page.tsx(781,45): error TS2339: Property 'isNpc' does not exist on type '{ _id: string; name: string; active: boolean; status: string; alignment?: "ally" | "enemy" | undefined; owner: string; }'.
app/dashboard/battles/[id]/page.tsx(889,43): error TS2339: Property 'characterUrl' does not exist on type '{ _id: string; name: string; active: boolean; status: string; alignment?: "ally" | "enemy" | undefined; owner: string; }'.
app/dashboard/battles/[id]/page.tsx(890,45): error TS2339: Property 'isNpc' does not exist on type '{ _id: string; name: string; active: boolean; status: string; alignment?: "ally" | "enemy" | undefined; owner: string; }'.
app/dashboard/personagens/_components/character-modal.tsx(129,24): error TS2345: Argument of type 'ServerActionResponse<any>' is not assignable to parameter of type 'SetStateAction<Campaign[]>'.
components/ui/rich-text-editor.tsx(36,18): error TS2769: No overload matches this call.
  Overload 1 of 2, '(options: Partial<EditorOptions> & { immediatelyRender?: boolean | undefined; shouldRerenderOnTransaction?: boolean | undefined; } & { immediatelyRender: true; }, deps?: DependencyList | undefined): Editor', gave the following error.
    Type 'false' is not assignable to type 'true'.
  Overload 2 of 2, '(options?: UseEditorOptions | undefined, deps?: DependencyList | undefined): Editor | null', gave the following error.
    Object literal may only specify known properties, and 'enableCaret' does not exist in type 'UseEditorOptions'.
components/ui/rich-text-editor.tsx(214,18): error TS2769: No overload matches this call.
  Overload 1 of 2, '(options: Partial<EditorOptions> & { immediatelyRender?: boolean | undefined; shouldRerenderOnTransaction?: boolean | undefined; } & { immediatelyRender: true; }, deps?: DependencyList | undefined): Editor', gave the following error.
    Type 'false' is not assignable to type 'true'.
  Overload 2 of 2, '(options?: UseEditorOptions | undefined, deps?: DependencyList | undefined): Editor | null', gave the following error.
    Object literal may only specify known properties, and 'enableCaret' does not exist in type 'UseEditorOptions'.
lib/actions/battle.actions.ts(41,21): error TS2345: Argument of type '() => Promise<{ ok: false; message: string; data?: undefined; } | { ok: true; data: any; message?: undefined; }>' is not assignable to parameter of type '() => Promise<ServerActionResponse<any>>'.
  Type 'Promise<{ ok: false; message: string; data?: undefined; } | { ok: true; data: any; message?: undefined; }>' is not assignable to type 'Promise<ServerActionResponse<any>>'.
    Type '{ ok: false; message: string; data?: undefined; } | { ok: true; data: any; message?: undefined; }' is not assignable to type 'ServerActionResponse<any>'.
      Type '{ ok: true; data: any; message?: undefined; }' is not assignable to type 'ServerActionResponse<any>'.
        Types of property 'message' are incompatible.
          Type 'undefined' is not assignable to type 'string'.
lib/actions/battle.actions.ts(100,21): error TS2345: Argument of type '() => Promise<{ ok: false; message: string; data?: undefined; } | { ok: true; data: any; message?: undefined; }>' is not assignable to parameter of type '() => Promise<ServerActionResponse<any>>'.
  Type 'Promise<{ ok: false; message: string; data?: undefined; } | { ok: true; data: any; message?: undefined; }>' is not assignable to type 'Promise<ServerActionResponse<any>>'.
    Type '{ ok: false; message: string; data?: undefined; } | { ok: true; data: any; message?: undefined; }' is not assignable to type 'ServerActionResponse<any>'.
      Type '{ ok: true; data: any; message?: undefined; }' is not assignable to type 'ServerActionResponse<any>'.
        Types of property 'message' are incompatible.
          Type 'undefined' is not assignable to type 'string'.
lib/actions/battle.actions.ts(127,21): error TS2345: Argument of type '() => Promise<{ ok: false; message: string; data?: undefined; } | { ok: true; message: string; data: never[]; } | { ok: true; data: any; message?: undefined; }>' is not assignable to parameter of type '() => Promise<ServerActionResponse<any>>'.
  Type 'Promise<{ ok: false; message: string; data?: undefined; } | { ok: true; message: string; data: never[]; } | { ok: true; data: any; message?: undefined; }>' is not assignable to type 'Promise<ServerActionResponse<any>>'.
    Type '{ ok: false; message: string; data?: undefined; } | { ok: true; message: string; data: never[]; } | { ok: true; data: any; message?: undefined; }' is not assignable to type 'ServerActionResponse<any>'.
      Type '{ ok: true; data: any; message?: undefined; }' is not assignable to type 'ServerActionResponse<any>'.
        Types of property 'message' are incompatible.
          Type 'undefined' is not assignable to type 'string'.
lib/actions/battle.actions.ts(160,21): error TS2345: Argument of type '() => Promise<{ ok: false; message: string; data?: undefined; } | { ok: true; data: any; message?: undefined; }>' is not assignable to parameter of type '() => Promise<ServerActionResponse<any>>'.
  Type 'Promise<{ ok: false; message: string; data?: undefined; } | { ok: true; data: any; message?: undefined; }>' is not assignable to type 'Promise<ServerActionResponse<any>>'.
    Type '{ ok: false; message: string; data?: undefined; } | { ok: true; data: any; message?: undefined; }' is not assignable to type 'ServerActionResponse<any>'.
      Type '{ ok: true; data: any; message?: undefined; }' is not assignable to type 'ServerActionResponse<any>'.
        Types of property 'message' are incompatible.
          Type 'undefined' is not assignable to type 'string'.
lib/actions/battle.actions.ts(191,21): error TS2345: Argument of type '() => Promise<{ ok: false; message: string; data?: undefined; } | { ok: true; data: any; message?: undefined; }>' is not assignable to parameter of type '() => Promise<ServerActionResponse<any>>'.
  Type 'Promise<{ ok: false; message: string; data?: undefined; } | { ok: true; data: any; message?: undefined; }>' is not assignable to type 'Promise<ServerActionResponse<any>>'.
    Type '{ ok: false; message: string; data?: undefined; } | { ok: true; data: any; message?: undefined; }' is not assignable to type 'ServerActionResponse<any>'.
      Type '{ ok: true; data: any; message?: undefined; }' is not assignable to type 'ServerActionResponse<any>'.
        Types of property 'message' are incompatible.
          Type 'undefined' is not assignable to type 'string'.
lib/actions/battle.actions.ts(312,21): error TS2345: Argument of type '() => Promise<{ ok: true; data: any; }>' is not assignable to parameter of type '() => Promise<ServerActionResponse<any>>'.
  Type 'Promise<{ ok: true; data: any; }>' is not assignable to type 'Promise<ServerActionResponse<any>>'.
    Property 'message' is missing in type '{ ok: true; data: any; }' but required in type 'ServerActionResponse<any>'.
lib/actions/battle.actions.ts(353,21): error TS2345: Argument of type '() => Promise<{ ok: true; data: any; }>' is not assignable to parameter of type '() => Promise<ServerActionResponse<any>>'.
  Type 'Promise<{ ok: true; data: any; }>' is not assignable to type 'Promise<ServerActionResponse<any>>'.
    Property 'message' is missing in type '{ ok: true; data: any; }' but required in type 'ServerActionResponse<any>'.
lib/actions/battle.actions.ts(377,21): error TS2345: Argument of type '() => Promise<{ ok: false; message: string; data?: undefined; } | { ok: false; message: string; data: null; } | { ok: true; data: any; message?: undefined; }>' is not assignable to parameter of type '() => Promise<ServerActionResponse<any>>'.
  Type 'Promise<{ ok: false; message: string; data?: undefined; } | { ok: false; message: string; data: null; } | { ok: true; data: any; message?: undefined; }>' is not assignable to type 'Promise<ServerActionResponse<any>>'.
    Type '{ ok: false; message: string; data?: undefined; } | { ok: false; message: string; data: null; } | { ok: true; data: any; message?: undefined; }' is not assignable to type 'ServerActionResponse<any>'.
      Type '{ ok: true; data: any; message?: undefined; }' is not assignable to type 'ServerActionResponse<any>'.
        Types of property 'message' are incompatible.
          Type 'undefined' is not assignable to type 'string'.
lib/actions/battle.actions.ts(520,21): error TS2345: Argument of type '() => Promise<{ ok: false; message: string; data?: undefined; } | { ok: true; data: any; message?: undefined; }>' is not assignable to parameter of type '() => Promise<ServerActionResponse<any>>'.
  Type 'Promise<{ ok: false; message: string; data?: undefined; } | { ok: true; data: any; message?: undefined; }>' is not assignable to type 'Promise<ServerActionResponse<any>>'.
    Type '{ ok: false; message: string; data?: undefined; } | { ok: true; data: any; message?: undefined; }' is not assignable to type 'ServerActionResponse<any>'.
      Type '{ ok: true; data: any; message?: undefined; }' is not assignable to type 'ServerActionResponse<any>'.
        Types of property 'message' are incompatible.
          Type 'undefined' is not assignable to type 'string'.
lib/actions/battle.actions.ts(616,21): error TS2345: Argument of type '() => Promise<{ ok: false; message: string; data?: undefined; } | { ok: true; data: any; message?: undefined; }>' is not assignable to parameter of type '() => Promise<ServerActionResponse<any>>'.
  Type 'Promise<{ ok: false; message: string; data?: undefined; } | { ok: true; data: any; message?: undefined; }>' is not assignable to type 'Promise<ServerActionResponse<any>>'.
    Type '{ ok: false; message: string; data?: undefined; } | { ok: true; data: any; message?: undefined; }' is not assignable to type 'ServerActionResponse<any>'.
      Type '{ ok: true; data: any; message?: undefined; }' is not assignable to type 'ServerActionResponse<any>'.
        Types of property 'message' are incompatible.
          Type 'undefined' is not assignable to type 'string'.
lib/actions/campaign.actions.ts(396,21): error TS2345: Argument of type '() => Promise<{ ok: false; message: string; data?: undefined; } | { ok: true; data: any; message?: undefined; }>' is not assignable to parameter of type '() => Promise<ServerActionResponse<any>>'.
  Type 'Promise<{ ok: false; message: string; data?: undefined; } | { ok: true; data: any; message?: undefined; }>' is not assignable to type 'Promise<ServerActionResponse<any>>'.
    Type '{ ok: false; message: string; data?: undefined; } | { ok: true; data: any; message?: undefined; }' is not assignable to type 'ServerActionResponse<any>'.
      Type '{ ok: true; data: any; message?: undefined; }' is not assignable to type 'ServerActionResponse<any>'.
        Types of property 'message' are incompatible.
          Type 'undefined' is not assignable to type 'string'.
